Archive member included because of file (symbol)

i:/arm_toolchain/4.9 2014q4/bin/../lib/gcc/arm-none-eabi/4.9.3/../../../../arm-none-eabi/lib/armv7-m\libg.a(lib_a-exit.o)
                              i:/arm_toolchain/4.9 2014q4/bin/../lib/gcc/arm-none-eabi/4.9.3/../../../../arm-none-eabi/lib/armv7-m/crt0.o (exit)
i:/arm_toolchain/4.9 2014q4/bin/../lib/gcc/arm-none-eabi/4.9.3/../../../../arm-none-eabi/lib/armv7-m\libg.a(lib_a-impure.o)
                              i:/arm_toolchain/4.9 2014q4/bin/../lib/gcc/arm-none-eabi/4.9.3/../../../../arm-none-eabi/lib/armv7-m\libg.a(lib_a-exit.o) (_global_impure_ptr)
i:/arm_toolchain/4.9 2014q4/bin/../lib/gcc/arm-none-eabi/4.9.3/../../../../arm-none-eabi/lib/armv7-m\libg.a(lib_a-init.o)
                              i:/arm_toolchain/4.9 2014q4/bin/../lib/gcc/arm-none-eabi/4.9.3/../../../../arm-none-eabi/lib/armv7-m/crt0.o (__libc_init_array)
i:/arm_toolchain/4.9 2014q4/bin/../lib/gcc/arm-none-eabi/4.9.3/../../../../arm-none-eabi/lib/armv7-m\libg.a(lib_a-memset.o)
                              i:/arm_toolchain/4.9 2014q4/bin/../lib/gcc/arm-none-eabi/4.9.3/../../../../arm-none-eabi/lib/armv7-m/crt0.o (memset)
i:/arm_toolchain/4.9 2014q4/bin/../lib/gcc/arm-none-eabi/4.9.3/../../../../arm-none-eabi/lib/armv7-m\libg.a(lib_a-__call_atexit.o)
                              i:/arm_toolchain/4.9 2014q4/bin/../lib/gcc/arm-none-eabi/4.9.3/../../../../arm-none-eabi/lib/armv7-m\libg.a(lib_a-exit.o) (__call_exitprocs)
i:/arm_toolchain/4.9 2014q4/bin/../lib/gcc/arm-none-eabi/4.9.3/../../../../arm-none-eabi/lib/armv7-m\libg.a(lib_a-atexit.o)
                              i:/arm_toolchain/4.9 2014q4/bin/../lib/gcc/arm-none-eabi/4.9.3/../../../../arm-none-eabi/lib/armv7-m\libg.a(lib_a-__call_atexit.o) (atexit)
i:/arm_toolchain/4.9 2014q4/bin/../lib/gcc/arm-none-eabi/4.9.3/../../../../arm-none-eabi/lib/armv7-m\libg.a(lib_a-fini.o)
                              i:/arm_toolchain/4.9 2014q4/bin/../lib/gcc/arm-none-eabi/4.9.3/../../../../arm-none-eabi/lib/armv7-m\libg.a(lib_a-__call_atexit.o) (__libc_fini_array)
i:/arm_toolchain/4.9 2014q4/bin/../lib/gcc/arm-none-eabi/4.9.3/../../../../arm-none-eabi/lib/armv7-m\libg.a(lib_a-__atexit.o)
                              i:/arm_toolchain/4.9 2014q4/bin/../lib/gcc/arm-none-eabi/4.9.3/../../../../arm-none-eabi/lib/armv7-m\libg.a(lib_a-atexit.o) (__register_exitproc)

Allocating common symbols
Common symbol       size              file

Kd_iq               0x4               ./main.o
Id_now              0x4               ./main.o
Kp_iq               0x4               ./main.o
Ia                  0x4               ./main.o
Id_output_now       0x4               ./main.o
Vd                  0x4               ./main.o
Va                  0x4               ./main.o
Id                  0x4               ./main.o
Vq                  0x4               ./main.o
Kd_id               0x4               ./main.o
Ki_id               0x4               ./main.o
ADC_Value           0xa               ./main.o
Iq_output_now       0x4               ./main.o
Vqr                 0x4               ./main.o
Idr                 0x4               ./main.o
Ib                  0x4               ./main.o
Vbeta               0x4               ./main.o
Iq_now              0x4               ./main.o
Vc                  0x4               ./main.o
Iq_output_last      0x4               ./main.o
Id_integral         0x4               ./main.o
Id_output           0x4               ./main.o
Ibeta               0x4               ./main.o
Sine                0x4               ./main.o
Ialpha              0x4               ./main.o
Kp_id               0x4               ./main.o
Ic                  0x4               ./main.o
Vb                  0x4               ./main.o
Iq                  0x4               ./main.o
Iq_integral         0x4               ./main.o
Iq_error            0x4               ./main.o
Id_last             0x4               ./main.o
Id_error            0x4               ./main.o
Vdr                 0x4               ./main.o
Iqr                 0x4               ./main.o
ele_angle           0x4               ./main.o
Vbus                0x4               ./main.o
Iq_last             0x4               ./main.o
Valpha              0x4               ./main.o
Id_output_last      0x4               ./main.o
Cosine              0x4               ./main.o
Ki_iq               0x4               ./main.o
Iq_output           0x4               ./main.o

Discarded input sections

 .text          0x00000000        0x0 i:/arm_toolchain/4.9 2014q4/bin/../lib/gcc/arm-none-eabi/4.9.3/armv7-m/crti.o
 .data          0x00000000        0x0 i:/arm_toolchain/4.9 2014q4/bin/../lib/gcc/arm-none-eabi/4.9.3/armv7-m/crti.o
 .bss           0x00000000        0x0 i:/arm_toolchain/4.9 2014q4/bin/../lib/gcc/arm-none-eabi/4.9.3/armv7-m/crti.o
 .data          0x00000000        0x4 i:/arm_toolchain/4.9 2014q4/bin/../lib/gcc/arm-none-eabi/4.9.3/armv7-m/crtbegin.o
[...]
Memory Configuration

Name             Origin             Length             Attributes
FLASH            0x08000000         0x00020000         xr
RAM              0x20000000         0x00005000         xrw
MEMORY_B1        0x60000000         0x00000000         xr
*default*        0x00000000         0xffffffff

Linker script and memory map

LOAD i:/arm_toolchain/4.9 2014q4/bin/../lib/gcc/arm-none-eabi/4.9.3/armv7-m/crti.o
LOAD i:/arm_toolchain/4.9 2014q4/bin/../lib/gcc/arm-none-eabi/4.9.3/armv7-m/crtbegin.o
LOAD i:/arm_toolchain/4.9 2014q4/bin/../lib/gcc/arm-none-eabi/4.9.3/../../../../arm-none-eabi/lib/armv7-m/crt0.o
LOAD ./spl/src/misc.o
LOAD ./spl/src/stm32f10x_adc.o
LOAD ./spl/src/stm32f10x_bkp.o
LOAD ./spl/src/stm32f10x_can.o
LOAD ./spl/src/stm32f10x_cec.o
LOAD ./spl/src/stm32f10x_crc.o
LOAD ./spl/src/stm32f10x_dac.o
LOAD ./spl/src/stm32f10x_dbgmcu.o
LOAD ./spl/src/stm32f10x_dma.o
LOAD ./spl/src/stm32f10x_exti.o
LOAD ./spl/src/stm32f10x_flash.o
LOAD ./spl/src/stm32f10x_fsmc.o
LOAD ./spl/src/stm32f10x_gpio.o
LOAD ./spl/src/stm32f10x_i2c.o
LOAD ./spl/src/stm32f10x_iwdg.o
LOAD ./spl/src/stm32f10x_pwr.o
LOAD ./spl/src/stm32f10x_rcc.o
LOAD ./spl/src/stm32f10x_rtc.o
LOAD ./spl/src/stm32f10x_sdio.o
LOAD ./spl/src/stm32f10x_spi.o
LOAD ./spl/src/stm32f10x_tim.o
LOAD ./spl/src/stm32f10x_usart.o
LOAD ./spl/src/stm32f10x_wwdg.o
LOAD ./spl/CMSIS/core_cm3.o
LOAD ./spl/CMSIS/system_stm32f10x.o
LOAD ./main.o
LOAD ./startup_stm32f10x_md.o
START GROUP
LOAD i:/arm_toolchain/4.9 2014q4/bin/../lib/gcc/arm-none-eabi/4.9.3/armv7-m\libgcc.a
LOAD i:/arm_toolchain/4.9 2014q4/bin/../lib/gcc/arm-none-eabi/4.9.3/../../../../arm-none-eabi/lib/armv7-m\libg.a
LOAD i:/arm_toolchain/4.9 2014q4/bin/../lib/gcc/arm-none-eabi/4.9.3/../../../../arm-none-eabi/lib/armv7-m\libc.a
END GROUP
LOAD i:/arm_toolchain/4.9 2014q4/bin/../lib/gcc/arm-none-eabi/4.9.3/armv7-m/crtend.o
LOAD i:/arm_toolchain/4.9 2014q4/bin/../lib/gcc/arm-none-eabi/4.9.3/armv7-m/crtn.o
                0x20005000                _estack = 0x20005000
                0x00000000                _Min_Heap_Size = 0x0
                0x00000100                _Min_Stack_Size = 0x100

.isr_vector     0x08000000      0x10c
                0x08000000                . = ALIGN (0x4)
 *(.isr_vector)
 .isr_vector    0x08000000      0x10c ./startup_stm32f10x_md.o
                0x08000000                g_pfnVectors
                0x0800010c                . = ALIGN (0x4)

.eh_frame       0x0800010c        0x0
 .eh_frame      0x0800010c        0x0 i:/arm_toolchain/4.9 2014q4/bin/../lib/gcc/arm-none-eabi/4.9.3/armv7-m/crtbegin.o

.text           0x0800010c     0x1da8
                0x0800010c                . = ALIGN (0x4)
 *(.text)
 .text          0x0800010c       0x5c i:/arm_toolchain/4.9 2014q4/bin/../lib/gcc/arm-none-eabi/4.9.3/armv7-m/crtbegin.o
 *(.text*)
 .text.NVIC_PriorityGroupConfig
                0x08000168       0x24 ./spl/src/misc.o
                0x08000168                NVIC_PriorityGroupConfig
 .text.NVIC_Init
                0x0800018c       0xc4 ./spl/src/misc.o
                0x0800018c                NVIC_Init
 .text.ADC_DeInit
                0x08000250       0x74 ./spl/src/stm32f10x_adc.o
                0x08000250                ADC_DeInit
 .text.ADC_Init
                0x080002c4       0xa4 ./spl/src/stm32f10x_adc.o
                0x080002c4                ADC_Init
 .text.ADC_StructInit
                0x08000368       0x38 ./spl/src/stm32f10x_adc.o
                0x08000368                ADC_StructInit
 .text.ADC_Cmd  0x080003a0       0x38 ./spl/src/stm32f10x_adc.o
                0x080003a0                ADC_Cmd
 .text.ADC_DMACmd
                0x080003d8       0x38 ./spl/src/stm32f10x_adc.o
                0x080003d8                ADC_DMACmd
 .text.ADC_ResetCalibration
                0x08000410       0x20 ./spl/src/stm32f10x_adc.o
                0x08000410                ADC_ResetCalibration
 .text.ADC_GetResetCalibrationStatus
                0x08000430       0x30 ./spl/src/stm32f10x_adc.o
                0x08000430                ADC_GetResetCalibrationStatus
 .text.ADC_StartCalibration
                0x08000460       0x20 ./spl/src/stm32f10x_adc.o
                0x08000460                ADC_StartCalibration
 .text.ADC_GetCalibrationStatus
                0x08000480       0x30 ./spl/src/stm32f10x_adc.o
                0x08000480                ADC_GetCalibrationStatus
 .text.ADC_SoftwareStartConvCmd
                0x080004b0       0x38 ./spl/src/stm32f10x_adc.o
                0x080004b0                ADC_SoftwareStartConvCmd
 .text.ADC_RegularChannelConfig
                0x080004e8      0x194 ./spl/src/stm32f10x_adc.o
                0x080004e8                ADC_RegularChannelConfig
 .text.DMA_DeInit
                0x0800067c      0x178 ./spl/src/stm32f10x_dma.o
                0x0800067c                DMA_DeInit
 .text.DMA_Init
                0x080007f4       0x7c ./spl/src/stm32f10x_dma.o
                0x080007f4                DMA_Init
 .text.DMA_Cmd  0x08000870       0x38 ./spl/src/stm32f10x_dma.o
                0x08000870                DMA_Cmd
 .text.GPIO_Init
                0x080008a8      0x180 ./spl/src/stm32f10x_gpio.o
                0x080008a8                GPIO_Init
 .text.GPIO_SetBits
                0x08000a28       0x1c ./spl/src/stm32f10x_gpio.o
                0x08000a28                GPIO_SetBits
 .text.GPIO_PinRemapConfig
                0x08000a44       0xe0 ./spl/src/stm32f10x_gpio.o
                0x08000a44                GPIO_PinRemapConfig
 .text.RCC_ADCCLKConfig
                0x08000b24       0x38 ./spl/src/stm32f10x_rcc.o
                0x08000b24                RCC_ADCCLKConfig
 .text.RCC_AHBPeriphClockCmd
                0x08000b5c       0x3c ./spl/src/stm32f10x_rcc.o
                0x08000b5c                RCC_AHBPeriphClockCmd
 .text.RCC_APB2PeriphClockCmd
                0x08000b98       0x3c ./spl/src/stm32f10x_rcc.o
                0x08000b98                RCC_APB2PeriphClockCmd
 .text.RCC_APB1PeriphClockCmd
                0x08000bd4       0x3c ./spl/src/stm32f10x_rcc.o
                0x08000bd4                RCC_APB1PeriphClockCmd
 .text.RCC_APB2PeriphResetCmd
                0x08000c10       0x3c ./spl/src/stm32f10x_rcc.o
                0x08000c10                RCC_APB2PeriphResetCmd
 .text.TIM_TimeBaseInit
                0x08000c4c       0xf8 ./spl/src/stm32f10x_tim.o
                0x08000c4c                TIM_TimeBaseInit
 .text.TIM_OC1Init
                0x08000d44      0x118 ./spl/src/stm32f10x_tim.o
                0x08000d44                TIM_OC1Init
 .text.TIM_OC3Init
                0x08000e5c      0x10c ./spl/src/stm32f10x_tim.o
                0x08000e5c                TIM_OC3Init
 .text.TIM_OC4Init
                0x08000f68       0xd0 ./spl/src/stm32f10x_tim.o
                0x08000f68                TIM_OC4Init
 .text.TIM_BDTRConfig
                0x08001038       0x50 ./spl/src/stm32f10x_tim.o
                0x08001038                TIM_BDTRConfig
 .text.TIM_Cmd  0x08001088       0x40 ./spl/src/stm32f10x_tim.o
                0x08001088                TIM_Cmd
 .text.TIM_CtrlPWMOutputs
                0x080010c8       0x4c ./spl/src/stm32f10x_tim.o
                0x080010c8                TIM_CtrlPWMOutputs
 .text.TIM_ITConfig
                0x08001114       0x48 ./spl/src/stm32f10x_tim.o
                0x08001114                TIM_ITConfig
 .text.TIM_OC1PreloadConfig
                0x0800115c       0x38 ./spl/src/stm32f10x_tim.o
                0x0800115c                TIM_OC1PreloadConfig
 .text.TIM_OC3PreloadConfig
                0x08001194       0x38 ./spl/src/stm32f10x_tim.o
                0x08001194                TIM_OC3PreloadConfig
 .text.TIM_OC4PreloadConfig
                0x080011cc       0x3c ./spl/src/stm32f10x_tim.o
                0x080011cc                TIM_OC4PreloadConfig
 .text.TIM_ClearFlag
                0x08001208       0x20 ./spl/src/stm32f10x_tim.o
                0x08001208                TIM_ClearFlag
 .text.TIM_ClearITPendingBit
                0x08001228       0x20 ./spl/src/stm32f10x_tim.o
                0x08001228                TIM_ClearITPendingBit
 .text.SystemInit
                0x08001248       0x68 ./spl/CMSIS/system_stm32f10x.o
                0x08001248                SystemInit
 .text.SetSysClock
                0x080012b0        0xc ./spl/CMSIS/system_stm32f10x.o
 .text.SetSysClockTo72
                0x080012bc      0x100 ./spl/CMSIS/system_stm32f10x.o
 .text.NVIC_SetPriority
                0x080013bc       0x54 ./main.o
 .text.SysTick_Config
                0x08001410       0x44 ./main.o
 .text.ADC1_INIT
                0x08001454      0x130 ./main.o
                0x08001454                ADC1_INIT
 .text.TIM3_INIT
                0x08001584      0x148 ./main.o
                0x08001584                TIM3_INIT
 .text.GPIO_INIT
                0x080016cc       0xbc ./main.o
                0x080016cc                GPIO_INIT
 .text.SYSTICKT_INIT
                0x08001788       0x34 ./main.o
                0x08001788                SYSTICKT_INIT
 .text.CURRENT_CALIBRATION
                0x080017bc        0xc ./main.o
                0x080017bc                CURRENT_CALIBRATION
 .text.Hall_Angle_Calculate
                0x080017c8        0xc ./main.o
                0x080017c8                Hall_Angle_Calculate
 .text.Sin_Cos_Calculate
                0x080017d4      0x104 ./main.o
                0x080017d4                Sin_Cos_Calculate
 .text.PARAMETERS_INIT
                0x080018d8        0xc ./main.o
                0x080018d8                PARAMETERS_INIT
 .text.TIM3_IRQHandler
                0x080018e4      0x238 ./main.o
                0x080018e4                TIM3_IRQHandler
 .text.main     0x08001b1c       0x40 ./main.o
                0x08001b1c                main
 .text.Reset_Handler
                0x08001b5c       0x44 ./startup_stm32f10x_md.o
                0x08001b5c                Reset_Handler
 .text.Default_Handler
                0x08001ba0        0x2 ./startup_stm32f10x_md.o
                0x08001ba0                EXTI2_IRQHandler
                0x08001ba0                DebugMon_Handler
                0x08001ba0                TIM1_CC_IRQHandler
                0x08001ba0                HardFault_Handler
                0x08001ba0                SysTick_Handler
                0x08001ba0                PVD_IRQHandler
                0x08001ba0                PendSV_Handler
                0x08001ba0                NMI_Handler
                0x08001ba0                EXTI3_IRQHandler
                0x08001ba0                EXTI0_IRQHandler
                0x08001ba0                I2C2_EV_IRQHandler
                0x08001ba0                UsageFault_Handler
                0x08001ba0                ADC1_2_IRQHandler
                0x08001ba0                SPI1_IRQHandler
                0x08001ba0                TAMPER_IRQHandler
                0x08001ba0                DMA1_Channel4_IRQHandler
                0x08001ba0                USART3_IRQHandler
                0x08001ba0                RTC_IRQHandler
                0x08001ba0                DMA1_Channel7_IRQHandler
                0x08001ba0                CAN1_RX1_IRQHandler
                0x08001ba0                TIM4_IRQHandler
                0x08001ba0                I2C1_EV_IRQHandler
                0x08001ba0                DMA1_Channel6_IRQHandler
                0x08001ba0                RCC_IRQHandler
                0x08001ba0                TIM1_TRG_COM_IRQHandler
                0x08001ba0                DMA1_Channel1_IRQHandler
                0x08001ba0                Default_Handler
                0x08001ba0                EXTI15_10_IRQHandler
                0x08001ba0                EXTI9_5_IRQHandler
                0x08001ba0                SPI2_IRQHandler
                0x08001ba0                MemManage_Handler
                0x08001ba0                SVC_Handler
                0x08001ba0                DMA1_Channel5_IRQHandler
                0x08001ba0                EXTI4_IRQHandler
                0x08001ba0                USB_LP_CAN1_RX0_IRQHandler
                0x08001ba0                USB_HP_CAN1_TX_IRQHandler
                0x08001ba0                DMA1_Channel3_IRQHandler
                0x08001ba0                TIM1_UP_IRQHandler
                0x08001ba0                WWDG_IRQHandler
                0x08001ba0                TIM2_IRQHandler
                0x08001ba0                TIM1_BRK_IRQHandler
                0x08001ba0                EXTI1_IRQHandler
                0x08001ba0                RTCAlarm_IRQHandler
                0x08001ba0                USART2_IRQHandler
                0x08001ba0                I2C2_ER_IRQHandler
                0x08001ba0                DMA1_Channel2_IRQHandler
                0x08001ba0                CAN1_SCE_IRQHandler
                0x08001ba0                FLASH_IRQHandler
                0x08001ba0                BusFault_Handler
                0x08001ba0                USART1_IRQHandler
                0x08001ba0                I2C1_ER_IRQHandler
                0x08001ba0                USBWakeUp_IRQHandler
 *fill*         0x08001ba2        0x2 
 .text.startup.register_fini
                0x08001ba4       0x14 i:/arm_toolchain/4.9 2014q4/bin/../lib/gcc/arm-none-eabi/4.9.3/../../../../arm-none-eabi/lib/armv7-m\libg.a(lib_a-__call_atexit.o)
 .text.atexit   0x08001bb8        0xc i:/arm_toolchain/4.9 2014q4/bin/../lib/gcc/arm-none-eabi/4.9.3/../../../../arm-none-eabi/lib/armv7-m\libg.a(lib_a-atexit.o)
                0x08001bb8                atexit
 .text.__libc_fini_array
                0x08001bc4       0x2c i:/arm_toolchain/4.9 2014q4/bin/../lib/gcc/arm-none-eabi/4.9.3/../../../../arm-none-eabi/lib/armv7-m\libg.a(lib_a-fini.o)
                0x08001bc4                __libc_fini_array
 .text.__register_exitproc
                0x08001bf0       0xa4 i:/arm_toolchain/4.9 2014q4/bin/../lib/gcc/arm-none-eabi/4.9.3/../../../../arm-none-eabi/lib/armv7-m\libg.a(lib_a-__atexit.o)
                0x08001bf0                __register_exitproc
 *(.rodata)
 *(.rodata*)
 .rodata.Sin_Cos_Table
                0x08001c94      0x200 ./main.o
                0x08001c94                Sin_Cos_Table
 .rodata.str1.4
                0x08001e94        0x4 i:/arm_toolchain/4.9 2014q4/bin/../lib/gcc/arm-none-eabi/4.9.3/../../../../arm-none-eabi/lib/armv7-m\libg.a(lib_a-impure.o)
 .rodata._global_impure_ptr
                0x08001e98        0x4 i:/arm_toolchain/4.9 2014q4/bin/../lib/gcc/arm-none-eabi/4.9.3/../../../../arm-none-eabi/lib/armv7-m\libg.a(lib_a-impure.o)
                0x08001e98                _global_impure_ptr
 *(.glue_7)
 .glue_7        0x00000000        0x0 linker stubs
 *(.glue_7t)
 .glue_7t       0x00000000        0x0 linker stubs
 *(.init)
 .init          0x08001e9c        0x4 i:/arm_toolchain/4.9 2014q4/bin/../lib/gcc/arm-none-eabi/4.9.3/armv7-m/crti.o
                0x08001e9c                _init
 .init          0x08001ea0        0x8 i:/arm_toolchain/4.9 2014q4/bin/../lib/gcc/arm-none-eabi/4.9.3/armv7-m/crtn.o
 *(.fini)
 .fini          0x08001ea8        0x4 i:/arm_toolchain/4.9 2014q4/bin/../lib/gcc/arm-none-eabi/4.9.3/armv7-m/crti.o
                0x08001ea8                _fini
 .fini          0x08001eac        0x8 i:/arm_toolchain/4.9 2014q4/bin/../lib/gcc/arm-none-eabi/4.9.3/armv7-m/crtn.o
                0x08001eb4                . = ALIGN (0x4)
                0x08001eb4                _etext = .

.vfp11_veneer   0x08001eb4        0x0
 .vfp11_veneer  0x00000000        0x0 linker stubs

.v4_bx          0x08001eb4        0x0
 .v4_bx         0x00000000        0x0 linker stubs

.iplt           0x08001eb4        0x0
 .iplt          0x00000000        0x0 i:/arm_toolchain/4.9 2014q4/bin/../lib/gcc/arm-none-eabi/4.9.3/armv7-m/crtbegin.o

.rel.dyn        0x08001eb4        0x0
 .rel.iplt      0x00000000        0x0 i:/arm_toolchain/4.9 2014q4/bin/../lib/gcc/arm-none-eabi/4.9.3/armv7-m/crtbegin.o

.ARM.extab
 *(.ARM.extab* .gnu.linkonce.armextab.*)

.ARM            0x08001eb4        0x0
                0x08001eb4                __exidx_start = .
 *(.ARM.exidx*)
                0x08001eb4                __exidx_end = .

.ARM.attributes
                0x08001eb4       0x29
 *(.ARM.attributes)
 .ARM.attributes
                0x08001eb4       0x1d i:/arm_toolchain/4.9 2014q4/bin/../lib/gcc/arm-none-eabi/4.9.3/armv7-m/crti.o
 .ARM.attributes
                0x08001ed1       0x2d i:/arm_toolchain/4.9 2014q4/bin/../lib/gcc/arm-none-eabi/4.9.3/armv7-m/crtbegin.o
 .ARM.attributes
                0x08001efe       0x33 ./spl/src/misc.o
 .ARM.attributes
                0x08001f31       0x33 ./spl/src/stm32f10x_adc.o
 .ARM.attributes
                0x08001f64       0x33 ./spl/src/stm32f10x_dma.o
 .ARM.attributes
                0x08001f97       0x33 ./spl/src/stm32f10x_gpio.o
 .ARM.attributes
                0x08001fca       0x33 ./spl/src/stm32f10x_rcc.o
 .ARM.attributes
                0x08001ffd       0x33 ./spl/src/stm32f10x_tim.o
 .ARM.attributes
                0x08002030       0x33 ./spl/CMSIS/system_stm32f10x.o
 .ARM.attributes
                0x08002063       0x33 ./main.o
 .ARM.attributes
                0x08002096       0x21 ./startup_stm32f10x_md.o
 .ARM.attributes
                0x080020b7       0x2d i:/arm_toolchain/4.9 2014q4/bin/../lib/gcc/arm-none-eabi/4.9.3/../../../../arm-none-eabi/lib/armv7-m\libg.a(lib_a-impure.o)
 .ARM.attributes
                0x080020e4       0x2d i:/arm_toolchain/4.9 2014q4/bin/../lib/gcc/arm-none-eabi/4.9.3/../../../../arm-none-eabi/lib/armv7-m\libg.a(lib_a-__call_atexit.o)
 .ARM.attributes
                0x08002111       0x2d i:/arm_toolchain/4.9 2014q4/bin/../lib/gcc/arm-none-eabi/4.9.3/../../../../arm-none-eabi/lib/armv7-m\libg.a(lib_a-atexit.o)
 .ARM.attributes
                0x0800213e       0x2d i:/arm_toolchain/4.9 2014q4/bin/../lib/gcc/arm-none-eabi/4.9.3/../../../../arm-none-eabi/lib/armv7-m\libg.a(lib_a-fini.o)
 .ARM.attributes
                0x0800216b       0x2d i:/arm_toolchain/4.9 2014q4/bin/../lib/gcc/arm-none-eabi/4.9.3/../../../../arm-none-eabi/lib/armv7-m\libg.a(lib_a-__atexit.o)
 .ARM.attributes
                0x08002198       0x1d i:/arm_toolchain/4.9 2014q4/bin/../lib/gcc/arm-none-eabi/4.9.3/armv7-m/crtn.o

.preinit_array  0x08001eb4        0x0
                0x08001eb4                PROVIDE (__preinit_array_start, .)
 *(.preinit_array*)
                0x08001eb4                PROVIDE (__preinit_array_end, .)

.init_array     0x08001eb4        0x8
                0x08001eb4                PROVIDE (__init_array_start, .)
 *(SORT(.init_array.*))
 .init_array.00000
                0x08001eb4        0x4 i:/arm_toolchain/4.9 2014q4/bin/../lib/gcc/arm-none-eabi/4.9.3/../../../../arm-none-eabi/lib/armv7-m\libg.a(lib_a-__call_atexit.o)
 *(.init_array*)
 .init_array    0x08001eb8        0x4 i:/arm_toolchain/4.9 2014q4/bin/../lib/gcc/arm-none-eabi/4.9.3/armv7-m/crtbegin.o
                0x08001ebc                PROVIDE (__init_array_end, .)

.fini_array     0x08001ebc        0x4
                0x08001ebc                PROVIDE (__fini_array_start, .)
 *(.fini_array*)
 .fini_array    0x08001ebc        0x4 i:/arm_toolchain/4.9 2014q4/bin/../lib/gcc/arm-none-eabi/4.9.3/armv7-m/crtbegin.o
 *(SORT(.fini_array.*))
                0x08001ec0                PROVIDE (__fini_array_end, .)
                0x08001ec0                _sidata = .

.data           0x20000000      0x430 load address 0x08001ec0
                0x20000000                . = ALIGN (0x4)
                0x20000000                _sdata = .
 *(.data)
 *(.data*)
 .data.SystemCoreClock
                0x20000000        0x4 ./spl/CMSIS/system_stm32f10x.o
                0x20000000                SystemCoreClock
 *fill*         0x20000004        0x4 
 .data.impure_data
                0x20000008      0x428 i:/arm_toolchain/4.9 2014q4/bin/../lib/gcc/arm-none-eabi/4.9.3/../../../../arm-none-eabi/lib/armv7-m\libg.a(lib_a-impure.o)
                0x20000430                . = ALIGN (0x4)
                0x20000430                _edata = .

.jcr            0x20000430        0x0 load address 0x080022f0
 .jcr           0x20000430        0x0 i:/arm_toolchain/4.9 2014q4/bin/../lib/gcc/arm-none-eabi/4.9.3/armv7-m/crtbegin.o

.igot.plt       0x20000430        0x0 load address 0x080022f0
 .igot.plt      0x00000000        0x0 i:/arm_toolchain/4.9 2014q4/bin/../lib/gcc/arm-none-eabi/4.9.3/armv7-m/crtbegin.o
                0x20000430                . = ALIGN (0x4)

.bss            0x20000430       0xd0 load address 0x080022f0
                0x20000430                _sbss = .
                0x20000430                __bss_start__ = _sbss
 *(.bss)
 .bss           0x20000430       0x1c i:/arm_toolchain/4.9 2014q4/bin/../lib/gcc/arm-none-eabi/4.9.3/armv7-m/crtbegin.o
 *(.bss*)
 *(COMMON)
 COMMON         0x2000044c       0xb4 ./main.o
                0x2000044c                Kd_iq
                0x20000450                Id_now
                0x20000454                Kp_iq
                0x20000458                Ia
                0x2000045c                Id_output_now
                0x20000460                Vd
                0x20000464                Va
                0x20000468                Id
                0x2000046c                Vq
                0x20000470                Kd_id
                0x20000474                Ki_id
                0x20000478                ADC_Value
                0x20000484                Iq_output_now
                0x20000488                Vqr
                0x2000048c                Idr
                0x20000490                Ib
                0x20000494                Vbeta
                0x20000498                Iq_now
                0x2000049c                Vc
                0x200004a0                Iq_output_last
                0x200004a4                Id_integral
                0x200004a8                Id_output
                0x200004ac                Ibeta
                0x200004b0                Sine
                0x200004b4                Ialpha
                0x200004b8                Kp_id
                0x200004bc                Ic
                0x200004c0                Vb
                0x200004c4                Iq
                0x200004c8                Iq_integral
                0x200004cc                Iq_error
                0x200004d0                Id_last
                0x200004d4                Id_error
                0x200004d8                Vdr
                0x200004dc                Iqr
                0x200004e0                ele_angle
                0x200004e4                Vbus
                0x200004e8                Iq_last
                0x200004ec                Valpha
                0x200004f0                Id_output_last
                0x200004f4                Cosine
                0x200004f8                Ki_iq
                0x200004fc                Iq_output
                0x20000500                . = ALIGN (0x4)
                0x20000500                _ebss = .
                0x20000500                __bss_end__ = _ebss
                0x20000500                PROVIDE (end, _ebss)
                0x20000500                PROVIDE (_end, _ebss)

._user_heap_stack
                0x20000500      0x100 load address 0x080023c0
                0x20000500                . = ALIGN (0x4)
                0x20000500                . = (. + _Min_Heap_Size)
                0x20000600                . = (. + _Min_Stack_Size)
 *fill*         0x20000500      0x100 
                0x20000600                . = ALIGN (0x4)

.memory_b1_text
 *(.mb1text)
 *(.mb1text*)
 *(.mb1rodata)
 *(.mb1rodata*)

/DISCARD/
OUTPUT(BMC_FOC_1.0.elf elf32-littlearm)

.debug_info     0x00000000     0x560d
 .debug_info    0x00000000      0x4f1 ./spl/src/misc.o
 .debug_info    0x000004f1      0xb66 ./spl/src/stm32f10x_adc.o
 .debug_info    0x00001057      0x465 ./spl/src/stm32f10x_dma.o
 .debug_info    0x000014bc      0x6d9 ./spl/src/stm32f10x_gpio.o
 .debug_info    0x00001b95      0x87f ./spl/src/stm32f10x_rcc.o
 .debug_info    0x00002414     0x1c4a ./spl/src/stm32f10x_tim.o
 .debug_info    0x0000405e      0x43c ./spl/CMSIS/system_stm32f10x.o
 .debug_info    0x0000449a     0x1110 ./main.o
 .debug_info    0x000055aa       0x63 ./startup_stm32f10x_md.o

.debug_abbrev   0x00000000      0xda0
 .debug_abbrev  0x00000000      0x159 ./spl/src/misc.o
 .debug_abbrev  0x00000159      0x19d ./spl/src/stm32f10x_adc.o
 .debug_abbrev  0x000002f6      0x15a ./spl/src/stm32f10x_dma.o
 .debug_abbrev  0x00000450      0x1cd ./spl/src/stm32f10x_gpio.o
 .debug_abbrev  0x0000061d      0x1bf ./spl/src/stm32f10x_rcc.o
 .debug_abbrev  0x000007dc      0x1b5 ./spl/src/stm32f10x_tim.o
 .debug_abbrev  0x00000991      0x17c ./spl/CMSIS/system_stm32f10x.o
 .debug_abbrev  0x00000b0d      0x281 ./main.o
 .debug_abbrev  0x00000d8e       0x12 ./startup_stm32f10x_md.o

.debug_aranges  0x00000000      0x770
 .debug_aranges
                0x00000000       0x40 ./spl/src/misc.o
 .debug_aranges
                0x00000040      0x138 ./spl/src/stm32f10x_adc.o
 .debug_aranges
                0x00000178       0x70 ./spl/src/stm32f10x_dma.o
 .debug_aranges
                0x000001e8       0xa8 ./spl/src/stm32f10x_gpio.o
 .debug_aranges
                0x00000290      0x118 ./spl/src/stm32f10x_rcc.o
 .debug_aranges
                0x000003a8      0x2f0 ./spl/src/stm32f10x_tim.o
 .debug_aranges
                0x00000698       0x38 ./spl/CMSIS/system_stm32f10x.o
 .debug_aranges
                0x000006d0       0x78 ./main.o
 .debug_aranges
                0x00000748       0x28 ./startup_stm32f10x_md.o

.debug_ranges   0x00000000      0x6e8
 .debug_ranges  0x00000000       0x30 ./spl/src/misc.o
 .debug_ranges  0x00000030      0x128 ./spl/src/stm32f10x_adc.o
 .debug_ranges  0x00000158       0x60 ./spl/src/stm32f10x_dma.o
 .debug_ranges  0x000001b8       0x98 ./spl/src/stm32f10x_gpio.o
 .debug_ranges  0x00000250      0x108 ./spl/src/stm32f10x_rcc.o
 .debug_ranges  0x00000358      0x2e0 ./spl/src/stm32f10x_tim.o
 .debug_ranges  0x00000638       0x28 ./spl/CMSIS/system_stm32f10x.o
 .debug_ranges  0x00000660       0x68 ./main.o
 .debug_ranges  0x000006c8       0x20 ./startup_stm32f10x_md.o

.debug_macro    0x00000000     0xeb3b
 .debug_macro   0x00000000      0x173 ./spl/src/misc.o
 .debug_macro   0x00000173      0x874 ./spl/src/misc.o
 .debug_macro   0x000009e7       0x68 ./spl/src/misc.o
 .debug_macro   0x00000a4f       0x22 ./spl/src/misc.o
 .debug_macro   0x00000a71       0x22 ./spl/src/misc.o
 .debug_macro   0x00000a93       0x44 ./spl/src/misc.o
 .debug_macro   0x00000ad7       0x1c ./spl/src/misc.o
 .debug_macro   0x00000af3      0x1f7 ./spl/src/misc.o
 .debug_macro   0x00000cea      0x69f ./spl/src/misc.o
 .debug_macro   0x00001389     0x7dbe ./spl/src/misc.o
 .debug_macro   0x00009147      0x2df ./spl/src/misc.o
 .debug_macro   0x00009426      0x144 ./spl/src/misc.o
 .debug_macro   0x0000956a      0x3cf ./spl/src/misc.o
 .debug_macro   0x00009939       0xc8 ./spl/src/misc.o
 .debug_macro   0x00009a01      0x17a ./spl/src/misc.o
 .debug_macro   0x00009b7b       0xac ./spl/src/misc.o
 .debug_macro   0x00009c27      0x3ad ./spl/src/misc.o
 .debug_macro   0x00009fd4       0x9a ./spl/src/misc.o
 .debug_macro   0x0000a06e      0x2cf ./spl/src/misc.o
 .debug_macro   0x0000a33d      0x279 ./spl/src/misc.o
 .debug_macro   0x0000a5b6      0x2ac ./spl/src/misc.o
 .debug_macro   0x0000a862      0x2b1 ./spl/src/misc.o
 .debug_macro   0x0000ab13       0x64 ./spl/src/misc.o
 .debug_macro   0x0000ab77       0x82 ./spl/src/misc.o
 .debug_macro   0x0000abf9      0x3e2 ./spl/src/misc.o
 .debug_macro   0x0000afdb       0x58 ./spl/src/misc.o
 .debug_macro   0x0000b033      0x341 ./spl/src/misc.o
 .debug_macro   0x0000b374      0x2c4 ./spl/src/misc.o
 .debug_macro   0x0000b638      0x711 ./spl/src/misc.o
 .debug_macro   0x0000bd49      0x220 ./spl/src/misc.o
 .debug_macro   0x0000bf69       0x34 ./spl/src/misc.o
 .debug_macro   0x0000bf9d       0x35 ./spl/src/misc.o
 .debug_macro   0x0000bfd2       0x85 ./spl/src/misc.o
 .debug_macro   0x0000c057      0x269 ./spl/src/stm32f10x_adc.o
 .debug_macro   0x0000c2c0      0x13e ./spl/src/stm32f10x_adc.o
 .debug_macro   0x0000c3fe       0x8b ./spl/src/stm32f10x_adc.o
 .debug_macro   0x0000c489      0x1c1 ./spl/src/stm32f10x_dma.o
 .debug_macro   0x0000c64a      0x3a7 ./spl/src/stm32f10x_dma.o
 .debug_macro   0x0000c9f1      0x1bb ./spl/src/stm32f10x_gpio.o
 .debug_macro   0x0000cbac      0x2a6 ./spl/src/stm32f10x_gpio.o
 .debug_macro   0x0000ce52      0x289 ./spl/src/stm32f10x_rcc.o
 .debug_macro   0x0000d0db      0x3dc ./spl/src/stm32f10x_rcc.o
 .debug_macro   0x0000d4b7      0x185 ./spl/src/stm32f10x_tim.o
 .debug_macro   0x0000d63c      0x70b ./spl/src/stm32f10x_tim.o
 .debug_macro   0x0000dd47      0x170 ./spl/CMSIS/system_stm32f10x.o
 .debug_macro   0x0000deb7      0x291 ./main.o
 .debug_macro   0x0000e148       0x58 ./main.o
 .debug_macro   0x0000e1a0       0x35 ./main.o
 .debug_macro   0x0000e1d5       0x9c ./main.o
 .debug_macro   0x0000e271       0x16 ./main.o
 .debug_macro   0x0000e287       0x97 ./main.o
 .debug_macro   0x0000e31e      0x27a ./main.o
 .debug_macro   0x0000e598       0xf6 ./main.o
 .debug_macro   0x0000e68e       0x10 ./main.o
 .debug_macro   0x0000e69e       0x52 ./main.o
 .debug_macro   0x0000e6f0       0x16 ./main.o
 .debug_macro   0x0000e706       0x43 ./main.o
 .debug_macro   0x0000e749      0x180 ./main.o
 .debug_macro   0x0000e8c9       0x10 ./main.o
 .debug_macro   0x0000e8d9       0x22 ./main.o
 .debug_macro   0x0000e8fb       0xbd ./main.o
 .debug_macro   0x0000e9b8       0x16 ./main.o
 .debug_macro   0x0000e9ce      0x16d ./main.o

.debug_line     0x00000000     0x3469
 .debug_line    0x00000000      0x436 ./spl/src/misc.o
 .debug_line    0x00000436      0x70a ./spl/src/stm32f10x_adc.o
 .debug_line    0x00000b40      0x4ec ./spl/src/stm32f10x_dma.o
 .debug_line    0x0000102c      0x59e ./spl/src/stm32f10x_gpio.o
 .debug_line    0x000015ca      0x6ac ./spl/src/stm32f10x_rcc.o
 .debug_line    0x00001c76      0xcc7 ./spl/src/stm32f10x_tim.o
 .debug_line    0x0000293d      0x48d ./spl/CMSIS/system_stm32f10x.o
 .debug_line    0x00002dca      0x62a ./main.o
 .debug_line    0x000033f4       0x75 ./startup_stm32f10x_md.o

.debug_str      0x00000000    0x52bdc
 .debug_str     0x00000000    0x4c6a7 ./spl/src/misc.o
                              0x4c804 (size before relaxing)
 .debug_str     0x0004c6a7      0xb6a ./spl/src/stm32f10x_adc.o
                              0x4d158 (size before relaxing)
 .debug_str     0x0004d211      0x6c9 ./spl/src/stm32f10x_dma.o
                              0x4ccac (size before relaxing)
 .debug_str     0x0004d8da      0x597 ./spl/src/stm32f10x_gpio.o
                              0x4cb7c (size before relaxing)
 .debug_str     0x0004de71      0xb4c ./spl/src/stm32f10x_rcc.o
                              0x4d162 (size before relaxing)
 .debug_str     0x0004e9bd      0xc08 ./spl/src/stm32f10x_tim.o
                              0x4d280 (size before relaxing)
 .debug_str     0x0004f5c5       0xc0 ./spl/CMSIS/system_stm32f10x.o
                              0x4c733 (size before relaxing)
 .debug_str     0x0004f685     0x3557 ./main.o
                              0x50229 (size before relaxing)

.comment        0x00000000       0x70
 .comment       0x00000000       0x70 ./spl/src/misc.o
                                 0x71 (size before relaxing)
 .comment       0x00000000       0x71 ./spl/src/stm32f10x_adc.o
 .comment       0x00000000       0x71 ./spl/src/stm32f10x_dma.o
 .comment       0x00000000       0x71 ./spl/src/stm32f10x_gpio.o
 .comment       0x00000000       0x71 ./spl/src/stm32f10x_rcc.o
 .comment       0x00000000       0x71 ./spl/src/stm32f10x_tim.o
 .comment       0x00000000       0x71 ./spl/CMSIS/system_stm32f10x.o
 .comment       0x00000000       0x71 ./main.o

.debug_frame    0x00000000     0x2148
 .debug_frame   0x00000000       0xd8 ./spl/src/misc.o
 .debug_frame   0x000000d8      0x5a4 ./spl/src/stm32f10x_adc.o
 .debug_frame   0x0000067c      0x1c8 ./spl/src/stm32f10x_dma.o
 .debug_frame   0x00000844      0x2d0 ./spl/src/stm32f10x_gpio.o
 .debug_frame   0x00000b14      0x4f4 ./spl/src/stm32f10x_rcc.o
 .debug_frame   0x00001008      0xe2c ./spl/src/stm32f10x_tim.o
 .debug_frame   0x00001e34       0x98 ./spl/CMSIS/system_stm32f10x.o
 .debug_frame   0x00001ecc      0x1a4 ./main.o
 .debug_frame   0x00002070       0x50 i:/arm_toolchain/4.9 2014q4/bin/../lib/gcc/arm-none-eabi/4.9.3/../../../../arm-none-eabi/lib/armv7-m\libg.a(lib_a-__call_atexit.o)
 .debug_frame   0x000020c0       0x20 i:/arm_toolchain/4.9 2014q4/bin/../lib/gcc/arm-none-eabi/4.9.3/../../../../arm-none-eabi/lib/armv7-m\libg.a(lib_a-atexit.o)
 .debug_frame   0x000020e0       0x34 i:/arm_toolchain/4.9 2014q4/bin/../lib/gcc/arm-none-eabi/4.9.3/../../../../arm-none-eabi/lib/armv7-m\libg.a(lib_a-fini.o)
 .debug_frame   0x00002114       0x34 i:/arm_toolchain/4.9 2014q4/bin/../lib/gcc/arm-none-eabi/4.9.3/../../../../arm-none-eabi/lib/armv7-m\libg.a(lib_a-__atexit.o)
